Analysis & Synthesis report for AtividadeULA
Fri Oct 21 17:55:27 2016
Quartus II Version 9.0 Build 132 02/25/2009 SJ Full Version


---------------------
; Table of Contents ;
---------------------
  1. Legal Notice
  2. Analysis & Synthesis Summary
  3. Analysis & Synthesis Settings
  4. Analysis & Synthesis Source Files Read
  5. Analysis & Synthesis Resource Usage Summary
  6. Analysis & Synthesis Resource Utilization by Entity
  7. General Register Statistics
  8. Analysis & Synthesis Messages



----------------
; Legal Notice ;
----------------
Copyright (C) 1991-2009 Altera Corporation
Your use of Altera Corporation's design tools, logic functions 
and other software and tools, and its AMPP partner logic 
functions, and any output files from any of the foregoing 
(including device programming or simulation files), and any 
associated documentation or information are expressly subject 
to the terms and conditions of the Altera Program License 
Subscription Agreement, Altera MegaCore Function License 
Agreement, or other applicable license agreement, including, 
without limitation, that your use is for the sole purpose of 
programming logic devices manufactured by Altera and sold by 
Altera or its authorized distributors.  Please refer to the 
applicable agreement for further details.



+------------------------------------------------------------------------+
; Analysis & Synthesis Summary                                           ;
+-----------------------------+------------------------------------------+
; Analysis & Synthesis Status ; Successful - Fri Oct 21 17:55:27 2016    ;
; Quartus II Version          ; 9.0 Build 132 02/25/2009 SJ Full Version ;
; Revision Name               ; AtividadeULA                             ;
; Top-level Entity Name       ; PRINCIPAL                                ;
; Family                      ; ACEX1K                                   ;
; Total logic elements        ; 93                                       ;
; Total pins                  ; 22                                       ;
; Total memory bits           ; 0                                        ;
; Total PLLs                  ; 0                                        ;
+-----------------------------+------------------------------------------+


+-------------------------------------------------------------------------------------------------+
; Analysis & Synthesis Settings                                                                   ;
+----------------------------------------------------------------+----------------+---------------+
; Option                                                         ; Setting        ; Default Value ;
+----------------------------------------------------------------+----------------+---------------+
; Device                                                         ; EP1K100QC208-3 ;               ;
; Top-level entity name                                          ; PRINCIPAL      ; AtividadeULA  ;
; Family name                                                    ; ACEX1K         ; Stratix II    ;
; Optimization Technique                                         ; Speed          ; Area          ;
; Use Generated Physical Constraints File                        ; Off            ;               ;
; Use smart compilation                                          ; Off            ; Off           ;
; Create Debugging Nodes for IP Cores                            ; Off            ; Off           ;
; Preserve fewer node names                                      ; On             ; On            ;
; Disable OpenCore Plus hardware evaluation                      ; Off            ; Off           ;
; Verilog Version                                                ; Verilog_2001   ; Verilog_2001  ;
; VHDL Version                                                   ; VHDL93         ; VHDL93        ;
; State Machine Processing                                       ; Auto           ; Auto          ;
; Safe State Machine                                             ; Off            ; Off           ;
; Extract Verilog State Machines                                 ; On             ; On            ;
; Extract VHDL State Machines                                    ; On             ; On            ;
; Ignore Verilog initial constructs                              ; Off            ; Off           ;
; Iteration limit for constant Verilog loops                     ; 5000           ; 5000          ;
; Iteration limit for non-constant Verilog loops                 ; 250            ; 250           ;
; Add Pass-Through Logic to Inferred RAMs                        ; On             ; On            ;
; Parallel Synthesis                                             ; Off            ; Off           ;
; NOT Gate Push-Back                                             ; On             ; On            ;
; Power-Up Don't Care                                            ; On             ; On            ;
; Remove Redundant Logic Cells                                   ; Off            ; Off           ;
; Remove Duplicate Registers                                     ; On             ; On            ;
; Ignore CARRY Buffers                                           ; Off            ; Off           ;
; Ignore CASCADE Buffers                                         ; Off            ; Off           ;
; Ignore GLOBAL Buffers                                          ; Off            ; Off           ;
; Ignore ROW GLOBAL Buffers                                      ; Off            ; Off           ;
; Ignore LCELL Buffers                                           ; Off            ; Off           ;
; Ignore SOFT Buffers                                            ; On             ; On            ;
; Limit AHDL Integers to 32 Bits                                 ; Off            ; Off           ;
; Auto Implement in ROM                                          ; Off            ; Off           ;
; Carry Chain Length                                             ; 32             ; 32            ;
; Cascade Chain Length                                           ; 2              ; 2             ;
; Auto Carry Chains                                              ; On             ; On            ;
; Auto Open-Drain Pins                                           ; On             ; On            ;
; Auto ROM Replacement                                           ; On             ; On            ;
; Auto RAM Replacement                                           ; On             ; On            ;
; Auto Clock Enable Replacement                                  ; On             ; On            ;
; Strict RAM Replacement                                         ; Off            ; Off           ;
; Auto Resource Sharing                                          ; Off            ; Off           ;
; Allow Any RAM Size For Recognition                             ; Off            ; Off           ;
; Allow Any ROM Size For Recognition                             ; Off            ; Off           ;
; Use LogicLock Constraints during Resource Balancing            ; On             ; On            ;
; Ignore translate_off and synthesis_off directives              ; Off            ; Off           ;
; Show Parameter Settings Tables in Synthesis Report             ; On             ; On            ;
; HDL message level                                              ; Level2         ; Level2        ;
; Suppress Register Optimization Related Messages                ; Off            ; Off           ;
; Number of Removed Registers Reported in Synthesis Report       ; 100            ; 100           ;
; Number of Inverted Registers Reported in Synthesis Report      ; 100            ; 100           ;
; Block Design Naming                                            ; Auto           ; Auto          ;
; Synthesis Effort                                               ; Auto           ; Auto          ;
; Allows Asynchronous Clear Usage For Shift Register Replacement ; On             ; On            ;
; Analysis & Synthesis Message Level                             ; Medium         ; Medium        ;
+----------------------------------------------------------------+----------------+---------------+


+--------------------------------------------------------------------------------------------------------------------------------------------------------+
; Analysis & Synthesis Source Files Read                                                                                                                 ;
+----------------------------------+-----------------+------------------------------------+--------------------------------------------------------------+
; File Name with User-Entered Path ; Used in Netlist ; File Type                          ; File Name with Absolute Path                                 ;
+----------------------------------+-----------------+------------------------------------+--------------------------------------------------------------+
; EXP1.bdf                         ; yes             ; User Block Diagram/Schematic File  ; /home/aluno/Área de trabalho/AtividadeULA/EXP1.bdf          ;
; PRINCIPAL.bdf                    ; yes             ; User Block Diagram/Schematic File  ; /home/aluno/Área de trabalho/AtividadeULA/PRINCIPAL.bdf     ;
; Contador.bdf                     ; yes             ; User Block Diagram/Schematic File  ; /home/aluno/Área de trabalho/AtividadeULA/Contador.bdf      ;
; Decodificador.bdf                ; yes             ; User Block Diagram/Schematic File  ; /home/aluno/Área de trabalho/AtividadeULA/Decodificador.bdf ;
; Multiplexador.bdf                ; yes             ; User Block Diagram/Schematic File  ; /home/aluno/Área de trabalho/AtividadeULA/Multiplexador.bdf ;
; Display.bdf                      ; yes             ; User Block Diagram/Schematic File  ; /home/aluno/Área de trabalho/AtividadeULA/Display.bdf       ;
; Divisor.bdf                      ; yes             ; User Block Diagram/Schematic File  ; /home/aluno/Área de trabalho/AtividadeULA/Divisor.bdf       ;
; 7447.bdf                         ; yes             ; Megafunction                       ; /opt/altera/9.0/quartus/libraries/others/maxplus2/7447.bdf   ;
; 74153m.bdf                       ; yes             ; Megafunction                       ; /opt/altera/9.0/quartus/libraries/others/maxplus2/74153m.bdf ;
; 74185.bdf                        ; yes             ; Megafunction                       ; /opt/altera/9.0/quartus/libraries/others/maxplus2/74185.bdf  ;
+----------------------------------+-----------------+------------------------------------+--------------------------------------------------------------+


+---------------------------------------------+
; Analysis & Synthesis Resource Usage Summary ;
+--------------------------------+------------+
; Resource                       ; Usage      ;
+--------------------------------+------------+
; Total logic elements           ; 93         ;
; Total combinational functions  ; 93         ;
;     -- Total 4-input functions ; 51         ;
;     -- Total 3-input functions ; 13         ;
;     -- Total 2-input functions ; 12         ;
;     -- Total 1-input functions ; 17         ;
;     -- Total 0-input functions ; 0          ;
; Total registers                ; 17         ;
; I/O pins                       ; 22         ;
; Maximum fan-out node           ; DIP1       ;
; Maximum fan-out                ; 21         ;
; Total fan-out                  ; 325        ;
; Average fan-out                ; 2.83       ;
+--------------------------------+------------+


+-----------------------------------------------------------------------------------------------------------------------------------------------------------------------------------------------------------------------------------------------+
; Analysis & Synthesis Resource Utilization by Entity                                                                                                                                                                                           ;
+-----------------------------+-------------+--------------+-------------+------+--------------+-------------------+------------------+-----------------+------------+-----------------------------------------------------------+--------------+
; Compilation Hierarchy Node  ; Logic Cells ; LC Registers ; Memory Bits ; Pins ; LUT-Only LCs ; Register-Only LCs ; LUT/Register LCs ; Carry Chain LCs ; Packed LCs ; Full Hierarchy Name                                       ; Library Name ;
+-----------------------------+-------------+--------------+-------------+------+--------------+-------------------+------------------+-----------------+------------+-----------------------------------------------------------+--------------+
; |PRINCIPAL                  ; 93 (0)      ; 17           ; 0           ; 22   ; 76 (0)       ; 0 (0)             ; 17 (0)           ; 0 (0)           ; 0 (0)      ; |PRINCIPAL                                                ; work         ;
;    |Display:inst2|          ; 34 (0)      ; 2            ; 0           ; 0    ; 32 (0)       ; 0 (0)             ; 2 (0)            ; 0 (0)           ; 0 (0)      ; |PRINCIPAL|Display:inst2                                  ; work         ;
;       |7447:inst|           ; 7 (7)       ; 0            ; 0           ; 0    ; 7 (7)        ; 0 (0)             ; 0 (0)            ; 0 (0)           ; 0 (0)      ; |PRINCIPAL|Display:inst2|7447:inst                        ; work         ;
;       |Contador:inst3|      ; 2 (2)       ; 2            ; 0           ; 0    ; 0 (0)        ; 0 (0)             ; 2 (2)            ; 0 (0)           ; 0 (0)      ; |PRINCIPAL|Display:inst2|Contador:inst3                   ; work         ;
;       |Decodificador:inst4| ; 2 (2)       ; 0            ; 0           ; 0    ; 2 (2)        ; 0 (0)             ; 0 (0)            ; 0 (0)           ; 0 (0)      ; |PRINCIPAL|Display:inst2|Decodificador:inst4              ; work         ;
;       |Multiplexador:inst2| ; 23 (0)      ; 0            ; 0           ; 0    ; 23 (0)       ; 0 (0)             ; 0 (0)            ; 0 (0)           ; 0 (0)      ; |PRINCIPAL|Display:inst2|Multiplexador:inst2              ; work         ;
;          |74153m:inst2|     ; 5 (5)       ; 0            ; 0           ; 0    ; 5 (5)        ; 0 (0)             ; 0 (0)            ; 0 (0)           ; 0 (0)      ; |PRINCIPAL|Display:inst2|Multiplexador:inst2|74153m:inst2 ; work         ;
;          |74153m:inst3|     ; 6 (6)       ; 0            ; 0           ; 0    ; 6 (6)        ; 0 (0)             ; 0 (0)            ; 0 (0)           ; 0 (0)      ; |PRINCIPAL|Display:inst2|Multiplexador:inst2|74153m:inst3 ; work         ;
;          |74153m:inst4|     ; 6 (6)       ; 0            ; 0           ; 0    ; 6 (6)        ; 0 (0)             ; 0 (0)            ; 0 (0)           ; 0 (0)      ; |PRINCIPAL|Display:inst2|Multiplexador:inst2|74153m:inst4 ; work         ;
;          |74153m:inst|      ; 6 (6)       ; 0            ; 0           ; 0    ; 6 (6)        ; 0 (0)             ; 0 (0)            ; 0 (0)           ; 0 (0)      ; |PRINCIPAL|Display:inst2|Multiplexador:inst2|74153m:inst  ; work         ;
;    |Divisor:inst4|          ; 15 (15)     ; 15           ; 0           ; 0    ; 0 (0)        ; 0 (0)             ; 15 (15)          ; 0 (0)           ; 0 (0)      ; |PRINCIPAL|Divisor:inst4                                  ; work         ;
;    |EXP1:inst|              ; 44 (0)      ; 0            ; 0           ; 0    ; 44 (0)       ; 0 (0)             ; 0 (0)            ; 0 (0)           ; 0 (0)      ; |PRINCIPAL|EXP1:inst                                      ; work         ;
;       |74185:inst1|         ; 13 (13)     ; 0            ; 0           ; 0    ; 13 (13)      ; 0 (0)             ; 0 (0)            ; 0 (0)           ; 0 (0)      ; |PRINCIPAL|EXP1:inst|74185:inst1                          ; work         ;
;       |74185:inst2|         ; 2 (2)       ; 0            ; 0           ; 0    ; 2 (2)        ; 0 (0)             ; 0 (0)            ; 0 (0)           ; 0 (0)      ; |PRINCIPAL|EXP1:inst|74185:inst2                          ; work         ;
;       |74185:inst|          ; 29 (29)     ; 0            ; 0           ; 0    ; 29 (29)      ; 0 (0)             ; 0 (0)            ; 0 (0)           ; 0 (0)      ; |PRINCIPAL|EXP1:inst|74185:inst                           ; work         ;
+-----------------------------+-------------+--------------+-------------+------+--------------+-------------------+------------------+-----------------+------------+-----------------------------------------------------------+--------------+
Note: For table entries with two numbers listed, the numbers in parentheses indicate the number of resources of the given type used by the specific entity alone. The numbers listed outside of parentheses indicate the total resources of the given type used by the specific entity and all of its sub-entities in the hierarchy.


+------------------------------------------------------+
; General Register Statistics                          ;
+----------------------------------------------+-------+
; Statistic                                    ; Value ;
+----------------------------------------------+-------+
; Total registers                              ; 17    ;
; Number of registers using Synchronous Clear  ; 0     ;
; Number of registers using Synchronous Load   ; 0     ;
; Number of registers using Asynchronous Clear ; 2     ;
; Number of registers using Asynchronous Load  ; 0     ;
; Number of registers using Clock Enable       ; 1     ;
; Number of registers using Preset             ; 0     ;
+----------------------------------------------+-------+


+-------------------------------+
; Analysis & Synthesis Messages ;
+-------------------------------+
Info: *******************************************************************
Info: Running Quartus II Analysis & Synthesis
    Info: Version 9.0 Build 132 02/25/2009 SJ Full Version
    Info: Processing started: Fri Oct 21 17:55:25 2016
Info: Command: quartus_map --read_settings_files=on --write_settings_files=off AtividadeULA -c AtividadeULA
Info: Found 1 design units, including 1 entities, in source file Registrador.bdf
    Info: Found entity 1: Registrador
Info: Found 1 design units, including 1 entities, in source file AtividadeULA.bdf
    Info: Found entity 1: AtividadeULA
Info: Found 1 design units, including 1 entities, in source file EXP1.bdf
    Info: Found entity 1: EXP1
Info: Found 1 design units, including 1 entities, in source file PRINCIPAL.bdf
    Info: Found entity 1: PRINCIPAL
Info: Found 1 design units, including 1 entities, in source file Contador.bdf
    Info: Found entity 1: Contador
Info: Found 1 design units, including 1 entities, in source file Decodificador.bdf
    Info: Found entity 1: Decodificador
Info: Found 1 design units, including 1 entities, in source file Multiplexador.bdf
    Info: Found entity 1: Multiplexador
Info: Found 1 design units, including 1 entities, in source file Display.bdf
    Info: Found entity 1: Display
Info: Found 1 design units, including 1 entities, in source file Divisor.bdf
    Info: Found entity 1: Divisor
Info: Elaborating entity "PRINCIPAL" for the top level hierarchy
Info: Elaborating entity "Display" for hierarchy "Display:inst2"
Info: Elaborating entity "7447" for hierarchy "Display:inst2|7447:inst"
Info: Elaborated megafunction instantiation "Display:inst2|7447:inst"
Info: Elaborating entity "Multiplexador" for hierarchy "Display:inst2|Multiplexador:inst2"
Info: Elaborating entity "74153M" for hierarchy "Display:inst2|Multiplexador:inst2|74153M:inst"
Info: Elaborated megafunction instantiation "Display:inst2|Multiplexador:inst2|74153M:inst"
Info: Elaborating entity "Contador" for hierarchy "Display:inst2|Contador:inst3"
Info: Elaborating entity "Decodificador" for hierarchy "Display:inst2|Decodificador:inst4"
Info: Elaborating entity "EXP1" for hierarchy "EXP1:inst"
Info: Elaborating entity "74185" for hierarchy "EXP1:inst|74185:inst1"
Info: Elaborated megafunction instantiation "EXP1:inst|74185:inst1"
Info: Elaborating entity "Divisor" for hierarchy "Divisor:inst4"
Warning: Output pins are stuck at VCC or GND
    Warning (13410): Pin "P" is stuck at VCC
Info: Implemented 115 device resources after synthesis - the final resource count might be different
    Info: Implemented 10 input pins
    Info: Implemented 12 output pins
    Info: Implemented 93 logic cells
Info: Quartus II Analysis & Synthesis was successful. 0 errors, 2 warnings
    Info: Peak virtual memory: 180 megabytes
    Info: Processing ended: Fri Oct 21 17:55:27 2016
    Info: Elapsed time: 00:00:02
    Info: Total CPU time (on all processors): 00:00:03


