Simulator report for MEF
Wed Oct 26 01:15:41 2016
Quartus II Version 9.0 Build 235 06/17/2009 Service Pack 2 SJ Web Edition


---------------------
; Table of Contents ;
---------------------
  1. Legal Notice
  2. Simulator Summary
  3. Simulator Settings
  4. Simulation Waveforms
  5. Coverage Summary
  6. Complete 1/0-Value Coverage
  7. Missing 1-Value Coverage
  8. Missing 0-Value Coverage
  9. Simulator INI Usage
 10. Simulator Messages



----------------
; Legal Notice ;
----------------
Copyright (C) 1991-2009 Altera Corporation
Your use of Altera Corporation's design tools, logic functions 
and other software and tools, and its AMPP partner logic 
functions, and any output files from any of the foregoing 
(including device programming or simulation files), and any 
associated documentation or information are expressly subject 
to the terms and conditions of the Altera Program License 
Subscription Agreement, Altera MegaCore Function License 
Agreement, or other applicable license agreement, including, 
without limitation, that your use is for the sole purpose of 
programming logic devices manufactured by Altera and sold by 
Altera or its authorized distributors.  Please refer to the 
applicable agreement for further details.



+----------------------------------------------+
; Simulator Summary                            ;
+-----------------------------+----------------+
; Type                        ; Value          ;
+-----------------------------+----------------+
; Simulation Start Time       ; 0 ps           ;
; Simulation End Time         ; 2.0 ms         ;
; Simulation Netlist Size     ; 69 nodes       ;
; Simulation Coverage         ;      51.09 %   ;
; Total Number of Transitions ; 4057235        ;
; Simulation Breakpoints      ; 0              ;
; Family                      ; ACEX1K         ;
; Device                      ; EP1K100QC208-3 ;
+-----------------------------+----------------+


+-----------------------------------------------------------------------------------------------------------------------------------+
; Simulator Settings                                                                                                                ;
+--------------------------------------------------------------------------------------------+----------------------+---------------+
; Option                                                                                     ; Setting              ; Default Value ;
+--------------------------------------------------------------------------------------------+----------------------+---------------+
; Simulation mode                                                                            ; Timing               ; Timing        ;
; Start time                                                                                 ; 0 ns                 ; 0 ns          ;
; Simulation results format                                                                  ; CVWF                 ;               ;
; Vector input source                                                                        ; teste_mef_exibir.vwf ;               ;
; Add pins automatically to simulation output waveforms                                      ; On                   ; On            ;
; Check outputs                                                                              ; Off                  ; Off           ;
; Report simulation coverage                                                                 ; On                   ; On            ;
; Display complete 1/0 value coverage report                                                 ; On                   ; On            ;
; Display missing 1-value coverage report                                                    ; On                   ; On            ;
; Display missing 0-value coverage report                                                    ; On                   ; On            ;
; Detect setup and hold time violations                                                      ; Off                  ; Off           ;
; Detect glitches                                                                            ; Off                  ; Off           ;
; Disable timing delays in Timing Simulation                                                 ; Off                  ; Off           ;
; Generate Signal Activity File                                                              ; Off                  ; Off           ;
; Generate VCD File for PowerPlay Power Analyzer                                             ; Off                  ; Off           ;
; Group bus channels in simulation results                                                   ; Off                  ; Off           ;
; Preserve fewer signal transitions to reduce memory requirements                            ; On                   ; On            ;
; Trigger vector comparison with the specified mode                                          ; INPUT_EDGE           ; INPUT_EDGE    ;
; Disable setup and hold time violations detection in input registers of bi-directional pins ; Off                  ; Off           ;
; Overwrite Waveform Inputs With Simulation Outputs                                          ; Off                  ;               ;
; Perform Glitch Filtering in Timing Simulation                                              ; Auto                 ; Auto          ;
+--------------------------------------------------------------------------------------------+----------------------+---------------+


+----------------------+
; Simulation Waveforms ;
+----------------------+
Waveform report data cannot be output to ASCII.
Please use Quartus II to view the waveform report data.


+--------------------------------------------------------------------+
; Coverage Summary                                                   ;
+-----------------------------------------------------+--------------+
; Type                                                ; Value        ;
+-----------------------------------------------------+--------------+
; Total coverage as a percentage                      ;      51.09 % ;
; Total nodes checked                                 ; 69           ;
; Total output ports checked                          ; 92           ;
; Total output ports with complete 1/0-value coverage ; 47           ;
; Total output ports with no 1/0-value coverage       ; 44           ;
; Total output ports with no 1-value coverage         ; 44           ;
; Total output ports with no 0-value coverage         ; 45           ;
+-----------------------------------------------------+--------------+


The following table displays output ports that toggle between 1 and 0 during simulation.
+----------------------------------------------------------------------------------------------------------------------------------------------------------------------------------------------------------------------------------------------------------------------------------------------------------------------------------------------------------------------------------------------------------------------------------------------------------------------+
; Complete 1/0-Value Coverage                                                                                                                                                                                                                                                                                                                                                                                                                                          ;
+-------------------------------------------------------------------------------------------------------------------------------------------------------------------------------------------------------------------------+-------------------------------------------------------------------------------------------------------------------------------------------------------------------------------------------------------------------------+------------------+
; Node Name                                                                                                                                                                                                               ; Output Port Name                                                                                                                                                                                                        ; Output Port Type ;
+-------------------------------------------------------------------------------------------------------------------------------------------------------------------------------------------------------------------------+-------------------------------------------------------------------------------------------------------------------------------------------------------------------------------------------------------------------------+------------------+
; |mef_exibir|contador_divisor:inst3|lpm_counter:lpm_counter_component|alt_counter_f10ke:wysi_counter|counter_cell[15]                                                                                                    ; |mef_exibir|contador_divisor:inst3|lpm_counter:lpm_counter_component|alt_counter_f10ke:wysi_counter|q[15]                                                                                                               ; data_out0        ;
; |mef_exibir|contador_divisor:inst3|lpm_counter:lpm_counter_component|alt_counter_f10ke:wysi_counter|counter_cell[15]                                                                                                    ; |mef_exibir|contador_divisor:inst3|lpm_counter:lpm_counter_component|alt_counter_f10ke:wysi_counter|counter_cell[15]~COUT                                                                                               ; cout             ;
; |mef_exibir|contador_divisor:inst3|lpm_counter:lpm_counter_component|alt_counter_f10ke:wysi_counter|counter_cell[14]                                                                                                    ; |mef_exibir|contador_divisor:inst3|lpm_counter:lpm_counter_component|alt_counter_f10ke:wysi_counter|q[14]                                                                                                               ; data_out0        ;
; |mef_exibir|contador_divisor:inst3|lpm_counter:lpm_counter_component|alt_counter_f10ke:wysi_counter|counter_cell[14]                                                                                                    ; |mef_exibir|contador_divisor:inst3|lpm_counter:lpm_counter_component|alt_counter_f10ke:wysi_counter|counter_cell[14]~COUT                                                                                               ; cout             ;
; |mef_exibir|contador_divisor:inst3|lpm_counter:lpm_counter_component|alt_counter_f10ke:wysi_counter|counter_cell[13]                                                                                                    ; |mef_exibir|contador_divisor:inst3|lpm_counter:lpm_counter_component|alt_counter_f10ke:wysi_counter|q[13]                                                                                                               ; data_out0        ;
; |mef_exibir|contador_divisor:inst3|lpm_counter:lpm_counter_component|alt_counter_f10ke:wysi_counter|counter_cell[13]                                                                                                    ; |mef_exibir|contador_divisor:inst3|lpm_counter:lpm_counter_component|alt_counter_f10ke:wysi_counter|counter_cell[13]~COUT                                                                                               ; cout             ;
; |mef_exibir|contador_divisor:inst3|lpm_counter:lpm_counter_component|alt_counter_f10ke:wysi_counter|counter_cell[12]                                                                                                    ; |mef_exibir|contador_divisor:inst3|lpm_counter:lpm_counter_component|alt_counter_f10ke:wysi_counter|q[12]                                                                                                               ; data_out0        ;
; |mef_exibir|contador_divisor:inst3|lpm_counter:lpm_counter_component|alt_counter_f10ke:wysi_counter|counter_cell[12]                                                                                                    ; |mef_exibir|contador_divisor:inst3|lpm_counter:lpm_counter_component|alt_counter_f10ke:wysi_counter|counter_cell[12]~COUT                                                                                               ; cout             ;
; |mef_exibir|contador_divisor:inst3|lpm_counter:lpm_counter_component|alt_counter_f10ke:wysi_counter|lpm_compare:$00032|comptree:comparator|cmpchain:cmp_end|comptree:comp|cmpchain:cmp[3]|aeb_out                       ; |mef_exibir|contador_divisor:inst3|lpm_counter:lpm_counter_component|alt_counter_f10ke:wysi_counter|lpm_compare:$00032|comptree:comparator|cmpchain:cmp_end|comptree:comp|cmpchain:cmp[3]|aeb_out                       ; data_out0        ;
; |mef_exibir|contador_divisor:inst3|lpm_counter:lpm_counter_component|alt_counter_f10ke:wysi_counter|counter_cell[18]                                                                                                    ; |mef_exibir|contador_divisor:inst3|lpm_counter:lpm_counter_component|alt_counter_f10ke:wysi_counter|counter_cell[18]~COUT                                                                                               ; cout             ;
; |mef_exibir|contador_divisor:inst3|lpm_counter:lpm_counter_component|alt_counter_f10ke:wysi_counter|counter_cell[17]                                                                                                    ; |mef_exibir|contador_divisor:inst3|lpm_counter:lpm_counter_component|alt_counter_f10ke:wysi_counter|q[17]                                                                                                               ; data_out0        ;
; |mef_exibir|contador_divisor:inst3|lpm_counter:lpm_counter_component|alt_counter_f10ke:wysi_counter|counter_cell[17]                                                                                                    ; |mef_exibir|contador_divisor:inst3|lpm_counter:lpm_counter_component|alt_counter_f10ke:wysi_counter|counter_cell[17]~COUT                                                                                               ; cout             ;
; |mef_exibir|contador_divisor:inst3|lpm_counter:lpm_counter_component|alt_counter_f10ke:wysi_counter|counter_cell[16]                                                                                                    ; |mef_exibir|contador_divisor:inst3|lpm_counter:lpm_counter_component|alt_counter_f10ke:wysi_counter|q[16]                                                                                                               ; data_out0        ;
; |mef_exibir|contador_divisor:inst3|lpm_counter:lpm_counter_component|alt_counter_f10ke:wysi_counter|counter_cell[16]                                                                                                    ; |mef_exibir|contador_divisor:inst3|lpm_counter:lpm_counter_component|alt_counter_f10ke:wysi_counter|counter_cell[16]~COUT                                                                                               ; cout             ;
; |mef_exibir|contador_divisor:inst3|lpm_counter:lpm_counter_component|alt_counter_f10ke:wysi_counter|lpm_compare:$00032|comptree:comparator|cmpchain:cmp_end|comptree:comp|cmpchain:cmp[4]|aeb_out                       ; |mef_exibir|contador_divisor:inst3|lpm_counter:lpm_counter_component|alt_counter_f10ke:wysi_counter|lpm_compare:$00032|comptree:comparator|cmpchain:cmp_end|comptree:comp|cmpchain:cmp[4]|aeb_out                       ; data_out0        ;
; |mef_exibir|contador_divisor:inst3|lpm_counter:lpm_counter_component|alt_counter_f10ke:wysi_counter|counter_cell[9]                                                                                                     ; |mef_exibir|contador_divisor:inst3|lpm_counter:lpm_counter_component|alt_counter_f10ke:wysi_counter|q[9]                                                                                                                ; data_out0        ;
; |mef_exibir|contador_divisor:inst3|lpm_counter:lpm_counter_component|alt_counter_f10ke:wysi_counter|counter_cell[9]                                                                                                     ; |mef_exibir|contador_divisor:inst3|lpm_counter:lpm_counter_component|alt_counter_f10ke:wysi_counter|counter_cell[9]~COUT                                                                                                ; cout             ;
; |mef_exibir|contador_divisor:inst3|lpm_counter:lpm_counter_component|alt_counter_f10ke:wysi_counter|counter_cell[8]                                                                                                     ; |mef_exibir|contador_divisor:inst3|lpm_counter:lpm_counter_component|alt_counter_f10ke:wysi_counter|q[8]                                                                                                                ; data_out0        ;
; |mef_exibir|contador_divisor:inst3|lpm_counter:lpm_counter_component|alt_counter_f10ke:wysi_counter|counter_cell[8]                                                                                                     ; |mef_exibir|contador_divisor:inst3|lpm_counter:lpm_counter_component|alt_counter_f10ke:wysi_counter|counter_cell[8]~COUT                                                                                                ; cout             ;
; |mef_exibir|inst6~1                                                                                                                                                                                                     ; |mef_exibir|inst6~1                                                                                                                                                                                                     ; data_out0        ;
; |mef_exibir|contador_divisor:inst3|lpm_counter:lpm_counter_component|alt_counter_f10ke:wysi_counter|counter_cell[11]                                                                                                    ; |mef_exibir|contador_divisor:inst3|lpm_counter:lpm_counter_component|alt_counter_f10ke:wysi_counter|q[11]                                                                                                               ; data_out0        ;
; |mef_exibir|contador_divisor:inst3|lpm_counter:lpm_counter_component|alt_counter_f10ke:wysi_counter|counter_cell[11]                                                                                                    ; |mef_exibir|contador_divisor:inst3|lpm_counter:lpm_counter_component|alt_counter_f10ke:wysi_counter|counter_cell[11]~COUT                                                                                               ; cout             ;
; |mef_exibir|contador_divisor:inst3|lpm_counter:lpm_counter_component|alt_counter_f10ke:wysi_counter|counter_cell[10]                                                                                                    ; |mef_exibir|contador_divisor:inst3|lpm_counter:lpm_counter_component|alt_counter_f10ke:wysi_counter|q[10]                                                                                                               ; data_out0        ;
; |mef_exibir|contador_divisor:inst3|lpm_counter:lpm_counter_component|alt_counter_f10ke:wysi_counter|counter_cell[10]                                                                                                    ; |mef_exibir|contador_divisor:inst3|lpm_counter:lpm_counter_component|alt_counter_f10ke:wysi_counter|counter_cell[10]~COUT                                                                                               ; cout             ;
; |mef_exibir|inst14                                                                                                                                                                                                      ; |mef_exibir|inst14                                                                                                                                                                                                      ; data_out0        ;
; |mef_exibir|contador_divisor:inst3|lpm_counter:lpm_counter_component|alt_counter_f10ke:wysi_counter|counter_cell[7]                                                                                                     ; |mef_exibir|contador_divisor:inst3|lpm_counter:lpm_counter_component|alt_counter_f10ke:wysi_counter|q[7]                                                                                                                ; data_out0        ;
; |mef_exibir|contador_divisor:inst3|lpm_counter:lpm_counter_component|alt_counter_f10ke:wysi_counter|counter_cell[7]                                                                                                     ; |mef_exibir|contador_divisor:inst3|lpm_counter:lpm_counter_component|alt_counter_f10ke:wysi_counter|counter_cell[7]~COUT                                                                                                ; cout             ;
; |mef_exibir|contador_divisor:inst3|lpm_counter:lpm_counter_component|alt_counter_f10ke:wysi_counter|counter_cell[6]                                                                                                     ; |mef_exibir|contador_divisor:inst3|lpm_counter:lpm_counter_component|alt_counter_f10ke:wysi_counter|q[6]                                                                                                                ; data_out0        ;
; |mef_exibir|contador_divisor:inst3|lpm_counter:lpm_counter_component|alt_counter_f10ke:wysi_counter|counter_cell[6]                                                                                                     ; |mef_exibir|contador_divisor:inst3|lpm_counter:lpm_counter_component|alt_counter_f10ke:wysi_counter|counter_cell[6]~COUT                                                                                                ; cout             ;
; |mef_exibir|contador_divisor:inst3|lpm_counter:lpm_counter_component|alt_counter_f10ke:wysi_counter|counter_cell[5]                                                                                                     ; |mef_exibir|contador_divisor:inst3|lpm_counter:lpm_counter_component|alt_counter_f10ke:wysi_counter|q[5]                                                                                                                ; data_out0        ;
; |mef_exibir|contador_divisor:inst3|lpm_counter:lpm_counter_component|alt_counter_f10ke:wysi_counter|counter_cell[5]                                                                                                     ; |mef_exibir|contador_divisor:inst3|lpm_counter:lpm_counter_component|alt_counter_f10ke:wysi_counter|counter_cell[5]~COUT                                                                                                ; cout             ;
; |mef_exibir|contador_divisor:inst3|lpm_counter:lpm_counter_component|alt_counter_f10ke:wysi_counter|counter_cell[4]                                                                                                     ; |mef_exibir|contador_divisor:inst3|lpm_counter:lpm_counter_component|alt_counter_f10ke:wysi_counter|q[4]                                                                                                                ; data_out0        ;
; |mef_exibir|contador_divisor:inst3|lpm_counter:lpm_counter_component|alt_counter_f10ke:wysi_counter|counter_cell[4]                                                                                                     ; |mef_exibir|contador_divisor:inst3|lpm_counter:lpm_counter_component|alt_counter_f10ke:wysi_counter|counter_cell[4]~COUT                                                                                                ; cout             ;
; |mef_exibir|inst6~7                                                                                                                                                                                                     ; |mef_exibir|inst6~7                                                                                                                                                                                                     ; data_out0        ;
; |mef_exibir|contador_divisor:inst3|lpm_counter:lpm_counter_component|alt_counter_f10ke:wysi_counter|counter_cell[0]                                                                                                     ; |mef_exibir|contador_divisor:inst3|lpm_counter:lpm_counter_component|alt_counter_f10ke:wysi_counter|q[0]                                                                                                                ; data_out0        ;
; |mef_exibir|contador_divisor:inst3|lpm_counter:lpm_counter_component|alt_counter_f10ke:wysi_counter|counter_cell[0]                                                                                                     ; |mef_exibir|contador_divisor:inst3|lpm_counter:lpm_counter_component|alt_counter_f10ke:wysi_counter|counter_cell[0]~COUT                                                                                                ; cout             ;
; |mef_exibir|contador_divisor:inst3|lpm_counter:lpm_counter_component|alt_counter_f10ke:wysi_counter|counter_cell[3]                                                                                                     ; |mef_exibir|contador_divisor:inst3|lpm_counter:lpm_counter_component|alt_counter_f10ke:wysi_counter|q[3]                                                                                                                ; data_out0        ;
; |mef_exibir|contador_divisor:inst3|lpm_counter:lpm_counter_component|alt_counter_f10ke:wysi_counter|counter_cell[3]                                                                                                     ; |mef_exibir|contador_divisor:inst3|lpm_counter:lpm_counter_component|alt_counter_f10ke:wysi_counter|counter_cell[3]~COUT                                                                                                ; cout             ;
; |mef_exibir|contador_divisor:inst3|lpm_counter:lpm_counter_component|alt_counter_f10ke:wysi_counter|counter_cell[2]                                                                                                     ; |mef_exibir|contador_divisor:inst3|lpm_counter:lpm_counter_component|alt_counter_f10ke:wysi_counter|q[2]                                                                                                                ; data_out0        ;
; |mef_exibir|contador_divisor:inst3|lpm_counter:lpm_counter_component|alt_counter_f10ke:wysi_counter|counter_cell[2]                                                                                                     ; |mef_exibir|contador_divisor:inst3|lpm_counter:lpm_counter_component|alt_counter_f10ke:wysi_counter|counter_cell[2]~COUT                                                                                                ; cout             ;
; |mef_exibir|contador_divisor:inst3|lpm_counter:lpm_counter_component|alt_counter_f10ke:wysi_counter|counter_cell[1]                                                                                                     ; |mef_exibir|contador_divisor:inst3|lpm_counter:lpm_counter_component|alt_counter_f10ke:wysi_counter|q[1]                                                                                                                ; data_out0        ;
; |mef_exibir|contador_divisor:inst3|lpm_counter:lpm_counter_component|alt_counter_f10ke:wysi_counter|counter_cell[1]                                                                                                     ; |mef_exibir|contador_divisor:inst3|lpm_counter:lpm_counter_component|alt_counter_f10ke:wysi_counter|counter_cell[1]~COUT                                                                                                ; cout             ;
; |mef_exibir|contador_divisor:inst3|lpm_counter:lpm_counter_component|alt_counter_f10ke:wysi_counter|lpm_compare:$00032|comptree:comparator|cmpchain:cmp_end|comptree:comp|cmpchain:cmp[0]|aeb_out                       ; |mef_exibir|contador_divisor:inst3|lpm_counter:lpm_counter_component|alt_counter_f10ke:wysi_counter|lpm_compare:$00032|comptree:comparator|cmpchain:cmp_end|comptree:comp|cmpchain:cmp[0]|aeb_out                       ; data_out0        ;
; |mef_exibir|contador_divisor:inst3|lpm_counter:lpm_counter_component|alt_counter_f10ke:wysi_counter|lpm_compare:$00032|comptree:comparator|cmpchain:cmp_end|comptree:comp|comptree:sub_comptree|cmpchain:cmp[0]|aeb_out ; |mef_exibir|contador_divisor:inst3|lpm_counter:lpm_counter_component|alt_counter_f10ke:wysi_counter|lpm_compare:$00032|comptree:comparator|cmpchain:cmp_end|comptree:comp|comptree:sub_comptree|cmpchain:cmp[0]|aeb_out ; data_out0        ;
; |mef_exibir|contador_divisor:inst3|lpm_counter:lpm_counter_component|alt_counter_f10ke:wysi_counter|lpm_compare:$00032|comptree:comparator|cmpchain:cmp_end|comptree:comp|cmpchain:cmp[2]|aeb_out                       ; |mef_exibir|contador_divisor:inst3|lpm_counter:lpm_counter_component|alt_counter_f10ke:wysi_counter|lpm_compare:$00032|comptree:comparator|cmpchain:cmp_end|comptree:comp|cmpchain:cmp[2]|aeb_out                       ; data_out0        ;
; |mef_exibir|contador_divisor:inst3|lpm_counter:lpm_counter_component|alt_counter_f10ke:wysi_counter|lpm_compare:$00032|comptree:comparator|cmpchain:cmp_end|comptree:comp|cmpchain:cmp[1]|aeb_out                       ; |mef_exibir|contador_divisor:inst3|lpm_counter:lpm_counter_component|alt_counter_f10ke:wysi_counter|lpm_compare:$00032|comptree:comparator|cmpchain:cmp_end|comptree:comp|cmpchain:cmp[1]|aeb_out                       ; data_out0        ;
; |mef_exibir|clock                                                                                                                                                                                                       ; |mef_exibir|clock~corein                                                                                                                                                                                                ; dataout          ;
+-------------------------------------------------------------------------------------------------------------------------------------------------------------------------------------------------------------------------+-------------------------------------------------------------------------------------------------------------------------------------------------------------------------------------------------------------------------+------------------+


The following table displays output ports that do not toggle to 1 during simulation.
+--------------------------------------------------------------------------------------------------------------------------------------------------------------------------------------------------------------------------------------------------------------------------------------------------------------------------------------------------------------------------------------------------------------------------------------------------------------------------------------------------------------------+
; Missing 1-Value Coverage                                                                                                                                                                                                                                                                                                                                                                                                                                                                                           ;
+------------------------------------------------------------------------------------------------------------------------------------------------------------------------------------------------------------------------------------------------+------------------------------------------------------------------------------------------------------------------------------------------------------------------------------------------------------------------------------------------------+------------------+
; Node Name                                                                                                                                                                                                                                      ; Output Port Name                                                                                                                                                                                                                               ; Output Port Type ;
+------------------------------------------------------------------------------------------------------------------------------------------------------------------------------------------------------------------------------------------------+------------------------------------------------------------------------------------------------------------------------------------------------------------------------------------------------------------------------------------------------+------------------+
; |mef_exibir|contador_divisor:inst3|lpm_counter:lpm_counter_component|alt_counter_f10ke:wysi_counter|counter_cell[19]                                                                                                                           ; |mef_exibir|contador_divisor:inst3|lpm_counter:lpm_counter_component|alt_counter_f10ke:wysi_counter|q[19]                                                                                                                                      ; data_out0        ;
; |mef_exibir|contador_divisor:inst3|lpm_counter:lpm_counter_component|alt_counter_f10ke:wysi_counter|counter_cell[19]                                                                                                                           ; |mef_exibir|contador_divisor:inst3|lpm_counter:lpm_counter_component|alt_counter_f10ke:wysi_counter|counter_cell[19]~COUT                                                                                                                      ; cout             ;
; |mef_exibir|contador_divisor:inst3|lpm_counter:lpm_counter_component|alt_counter_f10ke:wysi_counter|counter_cell[23]                                                                                                                           ; |mef_exibir|contador_divisor:inst3|lpm_counter:lpm_counter_component|alt_counter_f10ke:wysi_counter|q[23]                                                                                                                                      ; data_out0        ;
; |mef_exibir|contador_divisor:inst3|lpm_counter:lpm_counter_component|alt_counter_f10ke:wysi_counter|counter_cell[23]                                                                                                                           ; |mef_exibir|contador_divisor:inst3|lpm_counter:lpm_counter_component|alt_counter_f10ke:wysi_counter|counter_cell[23]~COUT                                                                                                                      ; cout             ;
; |mef_exibir|contador_divisor:inst3|lpm_counter:lpm_counter_component|alt_counter_f10ke:wysi_counter|counter_cell[22]                                                                                                                           ; |mef_exibir|contador_divisor:inst3|lpm_counter:lpm_counter_component|alt_counter_f10ke:wysi_counter|q[22]                                                                                                                                      ; data_out0        ;
; |mef_exibir|contador_divisor:inst3|lpm_counter:lpm_counter_component|alt_counter_f10ke:wysi_counter|counter_cell[22]                                                                                                                           ; |mef_exibir|contador_divisor:inst3|lpm_counter:lpm_counter_component|alt_counter_f10ke:wysi_counter|counter_cell[22]~COUT                                                                                                                      ; cout             ;
; |mef_exibir|contador_divisor:inst3|lpm_counter:lpm_counter_component|alt_counter_f10ke:wysi_counter|counter_cell[21]                                                                                                                           ; |mef_exibir|contador_divisor:inst3|lpm_counter:lpm_counter_component|alt_counter_f10ke:wysi_counter|q[21]                                                                                                                                      ; data_out0        ;
; |mef_exibir|contador_divisor:inst3|lpm_counter:lpm_counter_component|alt_counter_f10ke:wysi_counter|counter_cell[21]                                                                                                                           ; |mef_exibir|contador_divisor:inst3|lpm_counter:lpm_counter_component|alt_counter_f10ke:wysi_counter|counter_cell[21]~COUT                                                                                                                      ; cout             ;
; |mef_exibir|contador_divisor:inst3|lpm_counter:lpm_counter_component|alt_counter_f10ke:wysi_counter|counter_cell[20]                                                                                                                           ; |mef_exibir|contador_divisor:inst3|lpm_counter:lpm_counter_component|alt_counter_f10ke:wysi_counter|q[20]                                                                                                                                      ; data_out0        ;
; |mef_exibir|contador_divisor:inst3|lpm_counter:lpm_counter_component|alt_counter_f10ke:wysi_counter|counter_cell[20]                                                                                                                           ; |mef_exibir|contador_divisor:inst3|lpm_counter:lpm_counter_component|alt_counter_f10ke:wysi_counter|counter_cell[20]~COUT                                                                                                                      ; cout             ;
; |mef_exibir|contador_divisor:inst3|lpm_counter:lpm_counter_component|alt_counter_f10ke:wysi_counter|lpm_compare:$00032|comptree:comparator|cmpchain:cmp_end|comptree:comp|cmpchain:cmp[5]|aeb_out                                              ; |mef_exibir|contador_divisor:inst3|lpm_counter:lpm_counter_component|alt_counter_f10ke:wysi_counter|lpm_compare:$00032|comptree:comparator|cmpchain:cmp_end|comptree:comp|cmpchain:cmp[5]|aeb_out                                              ; data_out0        ;
; |mef_exibir|inst6~2                                                                                                                                                                                                                            ; |mef_exibir|inst6~2                                                                                                                                                                                                                            ; data_out0        ;
; |mef_exibir|inst6                                                                                                                                                                                                                              ; |mef_exibir|inst6                                                                                                                                                                                                                              ; data_out0        ;
; |mef_exibir|contador_6bits:inst|inst4                                                                                                                                                                                                          ; |mef_exibir|contador_6bits:inst|inst4                                                                                                                                                                                                          ; data_out0        ;
; |mef_exibir|contador_6bits:inst|inst3                                                                                                                                                                                                          ; |mef_exibir|contador_6bits:inst|inst3                                                                                                                                                                                                          ; data_out0        ;
; |mef_exibir|contador_6bits:inst|inst2                                                                                                                                                                                                          ; |mef_exibir|contador_6bits:inst|inst2                                                                                                                                                                                                          ; data_out0        ;
; |mef_exibir|contador_6bits:inst|inst1                                                                                                                                                                                                          ; |mef_exibir|contador_6bits:inst|inst1                                                                                                                                                                                                          ; data_out0        ;
; |mef_exibir|contador_6bits:inst|inst                                                                                                                                                                                                           ; |mef_exibir|contador_6bits:inst|inst                                                                                                                                                                                                           ; data_out0        ;
; |mef_exibir|contador_divisor:inst3|lpm_counter:lpm_counter_component|alt_counter_f10ke:wysi_counter|lpm_compare:$00032|comptree:comparator|cmpchain:cmp_end|comptree:comp|comptree:sub_comptree|comptree:sub_comptree|cmpchain:cmp_end|aeb_out ; |mef_exibir|contador_divisor:inst3|lpm_counter:lpm_counter_component|alt_counter_f10ke:wysi_counter|lpm_compare:$00032|comptree:comparator|cmpchain:cmp_end|comptree:comp|comptree:sub_comptree|comptree:sub_comptree|cmpchain:cmp_end|aeb_out ; data_out0        ;
; |mef_exibir|contador_divisor:inst3|lpm_counter:lpm_counter_component|alt_counter_f10ke:wysi_counter|counter_cell[24]                                                                                                                           ; |mef_exibir|contador_divisor:inst3|lpm_counter:lpm_counter_component|alt_counter_f10ke:wysi_counter|q[24]                                                                                                                                      ; data_out0        ;
; |mef_exibir|inst6~8                                                                                                                                                                                                                            ; |mef_exibir|inst6~19                                                                                                                                                                                                                           ; cascout          ;
; |mef_exibir|comparador:inst1|lpm_compare:lpm_compare_component|comptree:comparator|cmpchain:cmp_end|comptree:comp|comptree:sub_comptree|comptree:sub_comptree|cmpchain:eq_cmp_end|aeb_out                                                      ; |mef_exibir|comparador:inst1|lpm_compare:lpm_compare_component|comptree:comparator|cmpchain:cmp_end|comptree:comp|comptree:sub_comptree|comptree:sub_comptree|cmpchain:eq_cmp_end|aeb_out                                                      ; data_out0        ;
; |mef_exibir|contador_divisor:inst3|lpm_counter:lpm_counter_component|alt_counter_f10ke:wysi_counter|lpm_compare:$00032|comptree:comparator|cmpchain:cmp_end|comptree:comp|comptree:sub_comptree|cmpchain:cmp_end|aeb_out                       ; |mef_exibir|contador_divisor:inst3|lpm_counter:lpm_counter_component|alt_counter_f10ke:wysi_counter|lpm_compare:$00032|comptree:comparator|cmpchain:cmp_end|comptree:comp|comptree:sub_comptree|cmpchain:cmp_end|aeb_out                       ; data_out0        ;
; |mef_exibir|comparador:inst1|lpm_compare:lpm_compare_component|comptree:comparator|cmpchain:cmp_end|comptree:comp|comptree:sub_comptree|cmpchain:cmp[0]|aeb_out                                                                                ; |mef_exibir|comparador:inst1|lpm_compare:lpm_compare_component|comptree:comparator|cmpchain:cmp_end|comptree:comp|comptree:sub_comptree|cmpchain:cmp[0]|aeb_out                                                                                ; data_out0        ;
; |mef_exibir|comparador:inst1|lpm_compare:lpm_compare_component|comptree:comparator|cmpchain:cmp_end|comptree:comp|cmpchain:cmp[2]|aeb_out                                                                                                      ; |mef_exibir|comparador:inst1|lpm_compare:lpm_compare_component|comptree:comparator|cmpchain:cmp_end|comptree:comp|cmpchain:cmp[2]|aeb_out                                                                                                      ; data_out0        ;
; |mef_exibir|comparador:inst1|lpm_compare:lpm_compare_component|comptree:comparator|cmpchain:cmp_end|comptree:comp|cmpchain:cmp[0]|aeb_out                                                                                                      ; |mef_exibir|comparador:inst1|lpm_compare:lpm_compare_component|comptree:comparator|cmpchain:cmp_end|comptree:comp|cmpchain:cmp[0]|aeb_out                                                                                                      ; data_out0        ;
; |mef_exibir|comparador:inst1|lpm_compare:lpm_compare_component|comptree:comparator|cmpchain:cmp_end|comptree:comp|cmpchain:cmp[1]|aeb_out                                                                                                      ; |mef_exibir|comparador:inst1|lpm_compare:lpm_compare_component|comptree:comparator|cmpchain:cmp_end|comptree:comp|cmpchain:cmp[1]|aeb_out                                                                                                      ; data_out0        ;
; |mef_exibir|contador_divisor:inst3|lpm_counter:lpm_counter_component|alt_counter_f10ke:wysi_counter|lpm_compare:$00032|comptree:comparator|cmpchain:cmp_end|comptree:comp|cmpchain:cmp_end|aeb_out                                             ; |mef_exibir|contador_divisor:inst3|lpm_counter:lpm_counter_component|alt_counter_f10ke:wysi_counter|lpm_compare:$00032|comptree:comparator|cmpchain:cmp_end|comptree:comp|cmpchain:cmp_end|aeb_out                                             ; data_out0        ;
; |mef_exibir|inst6~12                                                                                                                                                                                                                           ; |mef_exibir|inst6~12                                                                                                                                                                                                                           ; data_out0        ;
; |mef_exibir|~GND                                                                                                                                                                                                                               ; |mef_exibir|~GND                                                                                                                                                                                                                               ; data_out0        ;
; |mef_exibir|ativa                                                                                                                                                                                                                              ; |mef_exibir|ativa~corein                                                                                                                                                                                                                       ; dataout          ;
; |mef_exibir|enderecoin_teste_ex[4]                                                                                                                                                                                                             ; |mef_exibir|enderecoin_teste_ex[4]~corein                                                                                                                                                                                                      ; dataout          ;
; |mef_exibir|enderecoin_teste_ex[5]                                                                                                                                                                                                             ; |mef_exibir|enderecoin_teste_ex[5]~corein                                                                                                                                                                                                      ; dataout          ;
; |mef_exibir|enderecoin_teste_ex[0]                                                                                                                                                                                                             ; |mef_exibir|enderecoin_teste_ex[0]~corein                                                                                                                                                                                                      ; dataout          ;
; |mef_exibir|enderecoin_teste_ex[1]                                                                                                                                                                                                             ; |mef_exibir|enderecoin_teste_ex[1]~corein                                                                                                                                                                                                      ; dataout          ;
; |mef_exibir|enderecoin_teste_ex[2]                                                                                                                                                                                                             ; |mef_exibir|enderecoin_teste_ex[2]~corein                                                                                                                                                                                                      ; dataout          ;
; |mef_exibir|enderecoin_teste_ex[3]                                                                                                                                                                                                             ; |mef_exibir|enderecoin_teste_ex[3]~corein                                                                                                                                                                                                      ; dataout          ;
; |mef_exibir|mostrar                                                                                                                                                                                                                            ; |mef_exibir|mostrar                                                                                                                                                                                                                            ; padio            ;
; |mef_exibir|end[5]                                                                                                                                                                                                                             ; |mef_exibir|end[5]                                                                                                                                                                                                                             ; padio            ;
; |mef_exibir|end[4]                                                                                                                                                                                                                             ; |mef_exibir|end[4]                                                                                                                                                                                                                             ; padio            ;
; |mef_exibir|end[3]                                                                                                                                                                                                                             ; |mef_exibir|end[3]                                                                                                                                                                                                                             ; padio            ;
; |mef_exibir|end[2]                                                                                                                                                                                                                             ; |mef_exibir|end[2]                                                                                                                                                                                                                             ; padio            ;
; |mef_exibir|end[1]                                                                                                                                                                                                                             ; |mef_exibir|end[1]                                                                                                                                                                                                                             ; padio            ;
; |mef_exibir|end[0]                                                                                                                                                                                                                             ; |mef_exibir|end[0]                                                                                                                                                                                                                             ; padio            ;
+------------------------------------------------------------------------------------------------------------------------------------------------------------------------------------------------------------------------------------------------+------------------------------------------------------------------------------------------------------------------------------------------------------------------------------------------------------------------------------------------------+------------------+


The following table displays output ports that do not toggle to 0 during simulation.
+--------------------------------------------------------------------------------------------------------------------------------------------------------------------------------------------------------------------------------------------------------------------------------------------------------------------------------------------------------------------------------------------------------------------------------------------------------------------------------------------------------------------+
; Missing 0-Value Coverage                                                                                                                                                                                                                                                                                                                                                                                                                                                                                           ;
+------------------------------------------------------------------------------------------------------------------------------------------------------------------------------------------------------------------------------------------------+------------------------------------------------------------------------------------------------------------------------------------------------------------------------------------------------------------------------------------------------+------------------+
; Node Name                                                                                                                                                                                                                                      ; Output Port Name                                                                                                                                                                                                                               ; Output Port Type ;
+------------------------------------------------------------------------------------------------------------------------------------------------------------------------------------------------------------------------------------------------+------------------------------------------------------------------------------------------------------------------------------------------------------------------------------------------------------------------------------------------------+------------------+
; |mef_exibir|contador_divisor:inst3|lpm_counter:lpm_counter_component|alt_counter_f10ke:wysi_counter|counter_cell[18]                                                                                                                           ; |mef_exibir|contador_divisor:inst3|lpm_counter:lpm_counter_component|alt_counter_f10ke:wysi_counter|q[18]                                                                                                                                      ; data_out0        ;
; |mef_exibir|contador_divisor:inst3|lpm_counter:lpm_counter_component|alt_counter_f10ke:wysi_counter|counter_cell[19]                                                                                                                           ; |mef_exibir|contador_divisor:inst3|lpm_counter:lpm_counter_component|alt_counter_f10ke:wysi_counter|q[19]                                                                                                                                      ; data_out0        ;
; |mef_exibir|contador_divisor:inst3|lpm_counter:lpm_counter_component|alt_counter_f10ke:wysi_counter|counter_cell[19]                                                                                                                           ; |mef_exibir|contador_divisor:inst3|lpm_counter:lpm_counter_component|alt_counter_f10ke:wysi_counter|counter_cell[19]~COUT                                                                                                                      ; cout             ;
; |mef_exibir|contador_divisor:inst3|lpm_counter:lpm_counter_component|alt_counter_f10ke:wysi_counter|counter_cell[23]                                                                                                                           ; |mef_exibir|contador_divisor:inst3|lpm_counter:lpm_counter_component|alt_counter_f10ke:wysi_counter|q[23]                                                                                                                                      ; data_out0        ;
; |mef_exibir|contador_divisor:inst3|lpm_counter:lpm_counter_component|alt_counter_f10ke:wysi_counter|counter_cell[23]                                                                                                                           ; |mef_exibir|contador_divisor:inst3|lpm_counter:lpm_counter_component|alt_counter_f10ke:wysi_counter|counter_cell[23]~COUT                                                                                                                      ; cout             ;
; |mef_exibir|contador_divisor:inst3|lpm_counter:lpm_counter_component|alt_counter_f10ke:wysi_counter|counter_cell[22]                                                                                                                           ; |mef_exibir|contador_divisor:inst3|lpm_counter:lpm_counter_component|alt_counter_f10ke:wysi_counter|q[22]                                                                                                                                      ; data_out0        ;
; |mef_exibir|contador_divisor:inst3|lpm_counter:lpm_counter_component|alt_counter_f10ke:wysi_counter|counter_cell[22]                                                                                                                           ; |mef_exibir|contador_divisor:inst3|lpm_counter:lpm_counter_component|alt_counter_f10ke:wysi_counter|counter_cell[22]~COUT                                                                                                                      ; cout             ;
; |mef_exibir|contador_divisor:inst3|lpm_counter:lpm_counter_component|alt_counter_f10ke:wysi_counter|counter_cell[21]                                                                                                                           ; |mef_exibir|contador_divisor:inst3|lpm_counter:lpm_counter_component|alt_counter_f10ke:wysi_counter|q[21]                                                                                                                                      ; data_out0        ;
; |mef_exibir|contador_divisor:inst3|lpm_counter:lpm_counter_component|alt_counter_f10ke:wysi_counter|counter_cell[21]                                                                                                                           ; |mef_exibir|contador_divisor:inst3|lpm_counter:lpm_counter_component|alt_counter_f10ke:wysi_counter|counter_cell[21]~COUT                                                                                                                      ; cout             ;
; |mef_exibir|contador_divisor:inst3|lpm_counter:lpm_counter_component|alt_counter_f10ke:wysi_counter|counter_cell[20]                                                                                                                           ; |mef_exibir|contador_divisor:inst3|lpm_counter:lpm_counter_component|alt_counter_f10ke:wysi_counter|q[20]                                                                                                                                      ; data_out0        ;
; |mef_exibir|contador_divisor:inst3|lpm_counter:lpm_counter_component|alt_counter_f10ke:wysi_counter|counter_cell[20]                                                                                                                           ; |mef_exibir|contador_divisor:inst3|lpm_counter:lpm_counter_component|alt_counter_f10ke:wysi_counter|counter_cell[20]~COUT                                                                                                                      ; cout             ;
; |mef_exibir|contador_divisor:inst3|lpm_counter:lpm_counter_component|alt_counter_f10ke:wysi_counter|lpm_compare:$00032|comptree:comparator|cmpchain:cmp_end|comptree:comp|cmpchain:cmp[5]|aeb_out                                              ; |mef_exibir|contador_divisor:inst3|lpm_counter:lpm_counter_component|alt_counter_f10ke:wysi_counter|lpm_compare:$00032|comptree:comparator|cmpchain:cmp_end|comptree:comp|cmpchain:cmp[5]|aeb_out                                              ; data_out0        ;
; |mef_exibir|inst6~2                                                                                                                                                                                                                            ; |mef_exibir|inst6~2                                                                                                                                                                                                                            ; data_out0        ;
; |mef_exibir|inst6                                                                                                                                                                                                                              ; |mef_exibir|inst6                                                                                                                                                                                                                              ; data_out0        ;
; |mef_exibir|contador_6bits:inst|inst4                                                                                                                                                                                                          ; |mef_exibir|contador_6bits:inst|inst4                                                                                                                                                                                                          ; data_out0        ;
; |mef_exibir|contador_6bits:inst|inst3                                                                                                                                                                                                          ; |mef_exibir|contador_6bits:inst|inst3                                                                                                                                                                                                          ; data_out0        ;
; |mef_exibir|contador_6bits:inst|inst2                                                                                                                                                                                                          ; |mef_exibir|contador_6bits:inst|inst2                                                                                                                                                                                                          ; data_out0        ;
; |mef_exibir|contador_6bits:inst|inst1                                                                                                                                                                                                          ; |mef_exibir|contador_6bits:inst|inst1                                                                                                                                                                                                          ; data_out0        ;
; |mef_exibir|contador_6bits:inst|inst                                                                                                                                                                                                           ; |mef_exibir|contador_6bits:inst|inst                                                                                                                                                                                                           ; data_out0        ;
; |mef_exibir|contador_divisor:inst3|lpm_counter:lpm_counter_component|alt_counter_f10ke:wysi_counter|lpm_compare:$00032|comptree:comparator|cmpchain:cmp_end|comptree:comp|comptree:sub_comptree|comptree:sub_comptree|cmpchain:cmp_end|aeb_out ; |mef_exibir|contador_divisor:inst3|lpm_counter:lpm_counter_component|alt_counter_f10ke:wysi_counter|lpm_compare:$00032|comptree:comparator|cmpchain:cmp_end|comptree:comp|comptree:sub_comptree|comptree:sub_comptree|cmpchain:cmp_end|aeb_out ; data_out0        ;
; |mef_exibir|contador_divisor:inst3|lpm_counter:lpm_counter_component|alt_counter_f10ke:wysi_counter|counter_cell[24]                                                                                                                           ; |mef_exibir|contador_divisor:inst3|lpm_counter:lpm_counter_component|alt_counter_f10ke:wysi_counter|q[24]                                                                                                                                      ; data_out0        ;
; |mef_exibir|inst6~8                                                                                                                                                                                                                            ; |mef_exibir|inst6~19                                                                                                                                                                                                                           ; cascout          ;
; |mef_exibir|comparador:inst1|lpm_compare:lpm_compare_component|comptree:comparator|cmpchain:cmp_end|comptree:comp|comptree:sub_comptree|comptree:sub_comptree|cmpchain:eq_cmp_end|aeb_out                                                      ; |mef_exibir|comparador:inst1|lpm_compare:lpm_compare_component|comptree:comparator|cmpchain:cmp_end|comptree:comp|comptree:sub_comptree|comptree:sub_comptree|cmpchain:eq_cmp_end|aeb_out                                                      ; data_out0        ;
; |mef_exibir|contador_divisor:inst3|lpm_counter:lpm_counter_component|alt_counter_f10ke:wysi_counter|lpm_compare:$00032|comptree:comparator|cmpchain:cmp_end|comptree:comp|comptree:sub_comptree|cmpchain:cmp_end|aeb_out                       ; |mef_exibir|contador_divisor:inst3|lpm_counter:lpm_counter_component|alt_counter_f10ke:wysi_counter|lpm_compare:$00032|comptree:comparator|cmpchain:cmp_end|comptree:comp|comptree:sub_comptree|cmpchain:cmp_end|aeb_out                       ; data_out0        ;
; |mef_exibir|comparador:inst1|lpm_compare:lpm_compare_component|comptree:comparator|cmpchain:cmp_end|comptree:comp|comptree:sub_comptree|cmpchain:cmp[0]|aeb_out                                                                                ; |mef_exibir|comparador:inst1|lpm_compare:lpm_compare_component|comptree:comparator|cmpchain:cmp_end|comptree:comp|comptree:sub_comptree|cmpchain:cmp[0]|aeb_out                                                                                ; data_out0        ;
; |mef_exibir|comparador:inst1|lpm_compare:lpm_compare_component|comptree:comparator|cmpchain:cmp_end|comptree:comp|cmpchain:cmp[2]|aeb_out                                                                                                      ; |mef_exibir|comparador:inst1|lpm_compare:lpm_compare_component|comptree:comparator|cmpchain:cmp_end|comptree:comp|cmpchain:cmp[2]|aeb_out                                                                                                      ; data_out0        ;
; |mef_exibir|comparador:inst1|lpm_compare:lpm_compare_component|comptree:comparator|cmpchain:cmp_end|comptree:comp|cmpchain:cmp[0]|aeb_out                                                                                                      ; |mef_exibir|comparador:inst1|lpm_compare:lpm_compare_component|comptree:comparator|cmpchain:cmp_end|comptree:comp|cmpchain:cmp[0]|aeb_out                                                                                                      ; data_out0        ;
; |mef_exibir|comparador:inst1|lpm_compare:lpm_compare_component|comptree:comparator|cmpchain:cmp_end|comptree:comp|cmpchain:cmp[1]|aeb_out                                                                                                      ; |mef_exibir|comparador:inst1|lpm_compare:lpm_compare_component|comptree:comparator|cmpchain:cmp_end|comptree:comp|cmpchain:cmp[1]|aeb_out                                                                                                      ; data_out0        ;
; |mef_exibir|contador_divisor:inst3|lpm_counter:lpm_counter_component|alt_counter_f10ke:wysi_counter|lpm_compare:$00032|comptree:comparator|cmpchain:cmp_end|comptree:comp|cmpchain:cmp_end|aeb_out                                             ; |mef_exibir|contador_divisor:inst3|lpm_counter:lpm_counter_component|alt_counter_f10ke:wysi_counter|lpm_compare:$00032|comptree:comparator|cmpchain:cmp_end|comptree:comp|cmpchain:cmp_end|aeb_out                                             ; data_out0        ;
; |mef_exibir|inst6~12                                                                                                                                                                                                                           ; |mef_exibir|inst6~12                                                                                                                                                                                                                           ; data_out0        ;
; |mef_exibir|~GND                                                                                                                                                                                                                               ; |mef_exibir|~GND                                                                                                                                                                                                                               ; data_out0        ;
; |mef_exibir|ativa                                                                                                                                                                                                                              ; |mef_exibir|ativa~corein                                                                                                                                                                                                                       ; dataout          ;
; |mef_exibir|enderecoin_teste_ex[4]                                                                                                                                                                                                             ; |mef_exibir|enderecoin_teste_ex[4]~corein                                                                                                                                                                                                      ; dataout          ;
; |mef_exibir|enderecoin_teste_ex[5]                                                                                                                                                                                                             ; |mef_exibir|enderecoin_teste_ex[5]~corein                                                                                                                                                                                                      ; dataout          ;
; |mef_exibir|enderecoin_teste_ex[0]                                                                                                                                                                                                             ; |mef_exibir|enderecoin_teste_ex[0]~corein                                                                                                                                                                                                      ; dataout          ;
; |mef_exibir|enderecoin_teste_ex[1]                                                                                                                                                                                                             ; |mef_exibir|enderecoin_teste_ex[1]~corein                                                                                                                                                                                                      ; dataout          ;
; |mef_exibir|enderecoin_teste_ex[2]                                                                                                                                                                                                             ; |mef_exibir|enderecoin_teste_ex[2]~corein                                                                                                                                                                                                      ; dataout          ;
; |mef_exibir|enderecoin_teste_ex[3]                                                                                                                                                                                                             ; |mef_exibir|enderecoin_teste_ex[3]~corein                                                                                                                                                                                                      ; dataout          ;
; |mef_exibir|mostrar                                                                                                                                                                                                                            ; |mef_exibir|mostrar                                                                                                                                                                                                                            ; padio            ;
; |mef_exibir|end[5]                                                                                                                                                                                                                             ; |mef_exibir|end[5]                                                                                                                                                                                                                             ; padio            ;
; |mef_exibir|end[4]                                                                                                                                                                                                                             ; |mef_exibir|end[4]                                                                                                                                                                                                                             ; padio            ;
; |mef_exibir|end[3]                                                                                                                                                                                                                             ; |mef_exibir|end[3]                                                                                                                                                                                                                             ; padio            ;
; |mef_exibir|end[2]                                                                                                                                                                                                                             ; |mef_exibir|end[2]                                                                                                                                                                                                                             ; padio            ;
; |mef_exibir|end[1]                                                                                                                                                                                                                             ; |mef_exibir|end[1]                                                                                                                                                                                                                             ; padio            ;
; |mef_exibir|end[0]                                                                                                                                                                                                                             ; |mef_exibir|end[0]                                                                                                                                                                                                                             ; padio            ;
+------------------------------------------------------------------------------------------------------------------------------------------------------------------------------------------------------------------------------------------------+------------------------------------------------------------------------------------------------------------------------------------------------------------------------------------------------------------------------------------------------+------------------+


+---------------------+
; Simulator INI Usage ;
+--------+------------+
; Option ; Usage      ;
+--------+------------+


+--------------------+
; Simulator Messages ;
+--------------------+
Info: *******************************************************************
Info: Running Quartus II Simulator
    Info: Version 9.0 Build 235 06/17/2009 Service Pack 2 SJ Web Edition
    Info: Processing started: Wed Oct 26 01:15:06 2016
Info: Command: quartus_sim --read_settings_files=on --write_settings_files=off MEF -c MEF
Info: Using vector source file "Z:/home/marcos/Área de Trabalho/MEF/teste_mef_exibir.vwf"
Info: Option to preserve fewer signal transitions to reduce memory requirements is enabled
    Info: Simulation has been partitioned into sub-simulations according to the maximum transition count determined by the engine. Transitions from memory will be flushed out to disk at the end of each sub-simulation to reduce memory requirements.
Info: Simulation partitioned into 1 sub-simulations
Info: Simulation coverage is      51.09 %
Info: Number of transitions in simulation is 4057235
Info: Quartus II Simulator was successful. 0 errors, 0 warnings
    Info: Peak virtual memory: 0 megabytes
    Info: Processing ended: Wed Oct 26 01:15:41 2016
    Info: Elapsed time: 00:00:35
    Info: Total CPU time (on all processors): 00:00:35


